2025-11-16 05:31:26,277 - core.bot - INFO - 아리스가 준비 완료했어요! 텐노아리스#7448로 로그인했답니다~
2025-11-16 05:54:42,318 - core.bot - INFO - 아리스가 준비 완료했어요! 텐노아리스#7448로 로그인했답니다~
2025-11-16 05:55:30,718 - cogs.music - ERROR - 히스토리 저장 중 오류: '_asyncio.Future' object has no attribute 'get'
2025-11-16 05:55:30,718 - asyncio - ERROR - Task exception was never retrieved
future: <Task finished name='Task-21' coro=<MusicPlayer.player_loop() done, defined at C:\Users\User\PycharmProjects\Tendo_Aris\core\music_player.py:87> exception=TypeError("'_asyncio.Future' object is not subscriptable")>
Traceback (most recent call last):
  File "C:\Users\User\PycharmProjects\Tendo_Aris\core\music_player.py", line 135, in player_loop
    f'선생님, 지금 재생 중인 노래예요: {source["title"]}\n주소: {source.get("webpage_url", "알 수 없음")}'
                                        ~~~~~~^^^^^^^^^
TypeError: '_asyncio.Future' object is not subscriptable
2025-11-16 05:56:35,951 - discord.client - ERROR - Ignoring exception in on_message
Traceback (most recent call last):
  File "C:\Users\User\PycharmProjects\Tendo_Aris\.venv\Lib\site-packages\discord\client.py", line 449, in _run_event
    await coro(*args, **kwargs)
  File "C:\Users\User\PycharmProjects\Tendo_Aris\.venv\Lib\site-packages\discord\ext\commands\bot.py", line 1411, in on_message
    await self.process_commands(message)
  File "C:\Users\User\PycharmProjects\Tendo_Aris\.venv\Lib\site-packages\discord\ext\commands\bot.py", line 1406, in process_commands
    ctx = await self.get_context(message)
          ^^^^^^^^^^^^^^^^^^^^^^^^^^^^^^^
  File "C:\Users\User\PycharmProjects\Tendo_Aris\core\bot.py", line 22, in get_context
    matches = process.extractBests(command_name, [cmd.name for cmd in commands], score_cutoff=80, limit=1)
              ^^^^^^^^^^^^^^^^^^^^^^^^^^^^^^^^^^^^^^^^^^^^^^^^^^^^^^^^^^^^^^^^^^^^^^^^^^^^^^^^^^^^^^^^^^^^
  File "C:\Users\User\PycharmProjects\Tendo_Aris\.venv\Lib\site-packages\fuzzywuzzy\process.py", line 193, in extractBests
    return heapq.nlargest(limit, best_list, key=lambda i: i[1]) if limit is not None else \
           ^^^^^^^^^^^^^^^^^^^^^^^^^^^^^^^^^^^^^^^^^^^^^^^^^^^^
  File "C:\Users\User\AppData\Local\Programs\Python\Python312\Lib\heapq.py", line 533, in nlargest
    result = max(it, default=sentinel, key=key)
             ^^^^^^^^^^^^^^^^^^^^^^^^^^^^^^^^^^
  File "C:\Users\User\PycharmProjects\Tendo_Aris\.venv\Lib\site-packages\fuzzywuzzy\process.py", line 78, in extractWithoutOrder
    processed_query = processor(query)
                      ^^^^^^^^^^^^^^^^
  File "C:\Users\User\PycharmProjects\Tendo_Aris\.venv\Lib\site-packages\fuzzywuzzy\utils.py", line 95, in full_process
    string_out = StringProcessor.replace_non_letters_non_numbers_with_whitespace(s)
                 ^^^^^^^^^^^^^^^^^^^^^^^^^^^^^^^^^^^^^^^^^^^^^^^^^^^^^^^^^^^^^^^^^^
  File "C:\Users\User\PycharmProjects\Tendo_Aris\.venv\Lib\site-packages\fuzzywuzzy\string_processing.py", line 26, in replace_non_letters_non_numbers_with_whitespace
    return cls.regex.sub(" ", a_string)
           ^^^^^^^^^^^^^^^^^^^^^^^^^^^^
TypeError: expected string or bytes-like object, got 'NoneType'
2025-11-16 05:56:36,230 - utils.tts_utils - INFO - TTS 파일 생성 완료: tmphflj1g7n.mp3 (언어: ko, TLD: com, 텍스트 길이: 2)
2025-11-16 05:57:40,677 - core.bot - INFO - 아리스가 준비 완료했어요! 텐노아리스#7448로 로그인했답니다~
2025-11-16 06:00:43,062 - core.bot - INFO - 아리스가 준비 완료했어요! 텐노아리스#7448로 로그인했답니다~
2025-11-16 06:02:55,706 - core.bot - INFO - 아리스가 준비 완료했어요! 텐노아리스#7448로 로그인했답니다~
2025-11-16 06:03:26,778 - core.music_player - INFO - 재생 전 URL 새로고침 성공
2025-11-16 06:03:26,778 - core.music_player - INFO - 재생 시도 1/2: ⛄ 누구보다 먼저 눈 위에 발자국을 새기듯 - 시작은 눈 위의 발자국처럼(First Footprint)
2025-11-16 06:03:27,287 - core.music_player - WARNING - 재생이 시작되지 않았습니다. 재시도...
2025-11-16 06:03:29,290 - core.music_player - INFO - 재생 시도 2/2: ⛄ 누구보다 먼저 눈 위에 발자국을 새기듯 - 시작은 눈 위의 발자국처럼(First Footprint)
2025-11-16 06:03:29,821 - core.music_player - WARNING - 재생이 시작되지 않았습니다. 재시도...
2025-11-16 06:05:32,564 - core.bot - INFO - 아리스가 준비 완료했어요! 텐노아리스#7448로 로그인했답니다~
2025-11-16 06:05:50,583 - core.music_player - INFO - 재생 전 URL 새로고침 성공
2025-11-16 06:05:50,583 - core.music_player - INFO - 재생 시도 1/2: ⛄ 누구보다 먼저 눈 위에 발자국을 새기듯 - 시작은 눈 위의 발자국처럼(First Footprint)
2025-11-16 06:05:51,604 - core.music_player - WARNING - 재생이 시작되지 않았습니다. URL 새로고침 후 재시도...
2025-11-16 06:05:51,604 - core.music_player - INFO - 재시도 전 URL 새로고침 시도 1/2
2025-11-16 06:05:53,683 - core.music_player - INFO - 재시도 전 URL 새로고침 성공
2025-11-16 06:05:55,699 - core.music_player - INFO - 재생 시도 2/2: ⛄ 누구보다 먼저 눈 위에 발자국을 새기듯 - 시작은 눈 위의 발자국처럼(First Footprint)
2025-11-16 06:05:56,713 - core.music_player - WARNING - 재생이 시작되지 않았습니다. URL 새로고침 후 재시도...
2025-11-16 06:05:56,713 - core.music_player - ERROR - 모든 재시도 실패 - 다음 곡으로 이동
2025-11-16 06:06:32,603 - core.bot - INFO - 아리스가 준비 완료했어요! 텐노아리스#7448로 로그인했답니다~
2025-11-16 06:07:03,131 - core.music_player - INFO - 재생 전 URL 새로고침 성공
2025-11-16 06:07:03,131 - core.music_player - INFO - 재생 시도 1/2: 이세계아이돌(ISEGYE IDOL) 'Be My Light' Official Performance MV
2025-11-16 06:07:08,150 - core.music_player - WARNING - 재생이 시작되지 않았습니다. URL 새로고침 후 재시도...
2025-11-16 06:07:08,150 - core.music_player - INFO - 재시도 전 URL 새로고침 시도 1/2
2025-11-16 06:07:10,663 - core.music_player - INFO - 재시도 전 URL 새로고침 성공
2025-11-16 06:07:12,671 - core.music_player - INFO - 재생 시도 2/2: 이세계아이돌(ISEGYE IDOL) 'Be My Light' Official Performance MV
2025-11-16 06:07:17,691 - core.music_player - WARNING - 재생이 시작되지 않았습니다. URL 새로고침 후 재시도...
2025-11-16 06:07:17,691 - core.music_player - ERROR - 모든 재시도 실패 - 다음 곡으로 이동
2025-11-16 06:12:04,749 - core.bot - INFO - 아리스가 준비 완료했어요! 텐노아리스#7448로 로그인했답니다~
2025-11-16 06:12:19,988 - core.music_player - INFO - 재생 직전 URL 새로고침 성공 (재생 시도 1)
2025-11-16 06:12:19,988 - core.music_player - INFO - 재생 시도 1/2: 푸른 산호초 / 시라유키 히나 Cover. [가사/해석] (URL: https://rr5---sn-ixaav8pnpvo-pjod.googlevideo.com/...)
2025-11-16 06:12:25,006 - core.music_player - WARNING - 재생이 시작되지 않았습니다. URL 새로고침 후 재시도...
2025-11-16 06:12:25,006 - core.music_player - INFO - 재시도 전 URL 새로고침 시도 1/2
2025-11-16 06:12:27,465 - core.music_player - INFO - 재시도 전 URL 새로고침 성공
2025-11-16 06:12:32,371 - core.music_player - INFO - 재생 직전 URL 새로고침 성공 (재생 시도 2)
2025-11-16 06:12:32,372 - core.music_player - INFO - 재생 시도 2/2: 푸른 산호초 / 시라유키 히나 Cover. [가사/해석] (URL: https://rr5---sn-ixaav8pnpvo-pjod.googlevideo.com/...)
2025-11-16 06:12:37,380 - core.music_player - WARNING - 재생이 시작되지 않았습니다. URL 새로고침 후 재시도...
2025-11-16 06:12:37,380 - core.music_player - ERROR - 모든 재시도 실패 - 다음 곡으로 이동
2025-11-16 06:12:42,084 - core.music_player - INFO - 재생 직전 URL 새로고침 성공 (재생 시도 1)
2025-11-16 06:12:42,084 - core.music_player - INFO - 재생 시도 1/2: 푸른 산호초 / 시라유키 히나 Cover. [가사/해석] (URL: https://rr5---sn-ixaav8pnpvo-pjod.googlevideo.com/...)
2025-11-16 06:12:47,104 - core.music_player - WARNING - 재생이 시작되지 않았습니다. URL 새로고침 후 재시도...
2025-11-16 06:12:47,104 - core.music_player - INFO - 재시도 전 URL 새로고침 시도 1/2
2025-11-16 06:12:49,642 - core.music_player - INFO - 재시도 전 URL 새로고침 성공
2025-11-16 06:12:54,473 - core.music_player - INFO - 재생 직전 URL 새로고침 성공 (재생 시도 2)
2025-11-16 06:12:54,473 - core.music_player - INFO - 재생 시도 2/2: 푸른 산호초 / 시라유키 히나 Cover. [가사/해석] (URL: https://rr5---sn-ixaav8pnpvo-pjod.googlevideo.com/...)
2025-11-16 06:12:59,477 - core.music_player - WARNING - 재생이 시작되지 않았습니다. URL 새로고침 후 재시도...
2025-11-16 06:12:59,477 - core.music_player - ERROR - 모든 재시도 실패 - 다음 곡으로 이동
2025-11-16 06:13:04,322 - core.music_player - INFO - 재생 직전 URL 새로고침 성공 (재생 시도 1)
2025-11-16 06:13:04,322 - core.music_player - INFO - 재생 시도 1/2: 푸른 산호초 / 시라유키 히나 Cover. [가사/해석] (URL: https://rr5---sn-ixaav8pnpvo-pjod.googlevideo.com/...)
2025-11-16 06:13:09,337 - core.music_player - WARNING - 재생이 시작되지 않았습니다. URL 새로고침 후 재시도...
2025-11-16 06:13:09,337 - core.music_player - INFO - 재시도 전 URL 새로고침 시도 1/2
2025-11-16 06:13:11,577 - core.music_player - INFO - 재시도 전 URL 새로고침 성공
2025-11-16 06:13:16,234 - core.music_player - INFO - 재생 직전 URL 새로고침 성공 (재생 시도 2)
2025-11-16 06:13:16,234 - core.music_player - INFO - 재생 시도 2/2: 푸른 산호초 / 시라유키 히나 Cover. [가사/해석] (URL: https://rr5---sn-ixaav8pnpvo-pjod.googlevideo.com/...)
2025-11-16 06:13:21,254 - core.music_player - WARNING - 재생이 시작되지 않았습니다. URL 새로고침 후 재시도...
2025-11-16 06:13:21,254 - core.music_player - ERROR - 모든 재시도 실패 - 다음 곡으로 이동
2025-11-16 06:13:26,078 - core.music_player - INFO - 재생 직전 URL 새로고침 성공 (재생 시도 1)
2025-11-16 06:13:26,078 - core.music_player - INFO - 재생 시도 1/2: 푸른 산호초 / 시라유키 히나 Cover. [가사/해석] (URL: https://rr5---sn-ixaav8pnpvo-pjod.googlevideo.com/...)
2025-11-16 06:13:31,102 - core.music_player - WARNING - 재생이 시작되지 않았습니다. URL 새로고침 후 재시도...
2025-11-16 06:13:31,102 - core.music_player - INFO - 재시도 전 URL 새로고침 시도 1/2
2025-11-16 06:13:33,852 - core.music_player - INFO - 재시도 전 URL 새로고침 성공
2025-11-16 06:13:38,143 - core.music_player - INFO - 재생 직전 URL 새로고침 성공 (재생 시도 2)
2025-11-16 06:13:38,143 - core.music_player - INFO - 재생 시도 2/2: 푸른 산호초 / 시라유키 히나 Cover. [가사/해석] (URL: https://rr5---sn-ixaav8pnpvo-pjod.googlevideo.com/...)
2025-11-16 06:13:38,148 - core.music_player - WARNING - 재생 시도 2/2 실패: Not connected to voice.
2025-11-16 06:16:04,394 - core.bot - INFO - 아리스가 준비 완료했어요! 텐노아리스#7448로 로그인했답니다~
2025-11-16 06:16:24,408 - core.music_player - INFO - 재생 직전 URL 새로고침 성공 (재생 시도 1)
2025-11-16 06:16:24,408 - core.music_player - INFO - 재생 시도 1/2: 이세계아이돌(ISEGYE IDOL) 'Be My Light' Official Performance MV (URL: https://rr3---sn-ixaav8pnpvo-pjoz.googlevideo.com/...)
2025-11-16 06:16:29,416 - core.music_player - WARNING - 재생이 시작되지 않았습니다. URL 새로고침 후 재시도...
2025-11-16 06:16:29,416 - core.music_player - INFO - 재시도 전 URL 새로고침 시도 1/2
2025-11-16 06:16:31,866 - core.music_player - INFO - 재시도 전 URL 새로고침 성공
2025-11-16 06:16:36,820 - core.music_player - INFO - 재생 직전 URL 새로고침 성공 (재생 시도 2)
2025-11-16 06:16:36,820 - core.music_player - INFO - 재생 시도 2/2: 이세계아이돌(ISEGYE IDOL) 'Be My Light' Official Performance MV (URL: https://rr3---sn-ixaav8pnpvo-pjoz.googlevideo.com/...)
2025-11-16 06:16:41,826 - core.music_player - WARNING - 재생이 시작되지 않았습니다. URL 새로고침 후 재시도...
2025-11-16 06:16:41,826 - core.music_player - ERROR - 모든 재시도 실패 - 다음 곡으로 이동
2025-11-16 06:20:00,553 - core.bot - INFO - 아리스가 준비 완료했어요! 텐노아리스#7448로 로그인했답니다~
2025-11-16 06:20:22,382 - core.music_player - INFO - 재생 직전 URL 새로고침 성공 (재생 시도 1)
2025-11-16 06:20:22,382 - core.music_player - INFO - 재생 시도 1/2: 이세계아이돌(ISEGYE IDOL) 'Be My Light' Official Performance MV (URL: https://rr3---sn-ixaav8pnpvo-pjoz.googlevideo.com/...)
2025-11-16 06:20:27,399 - core.music_player - INFO - 재생 시작 성공
2025-11-16 22:02:12,460 - core.bot - INFO - 아리스가 준비 완료했어요! 텐노아리스#7448로 로그인했답니다~
2025-11-16 22:08:45,518 - core.bot - INFO - 아리스가 준비 완료했어요! 텐노아리스#7448로 로그인했답니다~
2025-11-16 22:19:02,976 - discord.client - WARNING - PyNaCl is not installed, voice will NOT be supported
2025-11-16 22:19:06,434 - core.bot - INFO - 아리스가 준비 완료했어요! 텐노아리스#7448로 로그인했답니다~
2025-11-16 22:27:52,322 - core.bot - INFO - 아리스가 준비 완료했어요! 텐노아리스#7448로 로그인했답니다~
2025-11-18 09:58:05,245 - __main__ - ERROR - 봇 실행 중 오류 발생: Improper token has been passed.
Traceback (most recent call last):
  File "C:\Users\nano\PycharmProjects\Tendo_Aris\.venv\Lib\site-packages\discord\http.py", line 839, in static_login
    data = await self.request(Route('GET', '/users/@me'))
           ^^^^^^^^^^^^^^^^^^^^^^^^^^^^^^^^^^^^^^^^^^^^^^
  File "C:\Users\nano\PycharmProjects\Tendo_Aris\.venv\Lib\site-packages\discord\http.py", line 773, in request
    raise HTTPException(response, data)
discord.errors.HTTPException: 401 Unauthorized (error code: 0): 401: Unauthorized

The above exception was the direct cause of the following exception:

Traceback (most recent call last):
  File "C:\Users\nano\PycharmProjects\Tendo_Aris\bot.py", line 37, in main
    await bot.start(DISCORD_BOT_TOKEN)
  File "C:\Users\nano\PycharmProjects\Tendo_Aris\.venv\Lib\site-packages\discord\client.py", line 846, in start
    await self.login(token)
  File "C:\Users\nano\PycharmProjects\Tendo_Aris\.venv\Lib\site-packages\discord\client.py", line 675, in login
    data = await self.http.static_login(token)
           ^^^^^^^^^^^^^^^^^^^^^^^^^^^^^^^^^^^
  File "C:\Users\nano\PycharmProjects\Tendo_Aris\.venv\Lib\site-packages\discord\http.py", line 843, in static_login
    raise LoginFailure('Improper token has been passed.') from exc
discord.errors.LoginFailure: Improper token has been passed.
2025-11-18 09:58:05,290 - __main__ - INFO - 봇이 정상적으로 종료되었습니다.
2025-11-18 16:33:02,606 - dashboard.server - INFO - 대시보드 서버 시작: http://0.0.0.0:8000
2025-11-18 16:33:05,919 - core.bot - INFO - 아리스가 준비 완료했어요! 텐노아리스#7448로 로그인했답니다~
2025-11-18 16:33:45,021 - __main__ - INFO - 시그널 2을 받았습니다. 봇을 종료합니다.
2025-11-18 16:33:45,218 - __main__ - INFO - 봇이 정상적으로 종료되었습니다.
2025-11-18 16:38:56,441 - dashboard.server - INFO - 대시보드 서버 시작: http://0.0.0.0:8000
2025-11-18 16:38:59,863 - core.bot - INFO - 아리스가 준비 완료했어요! 텐노아리스#7448로 로그인했답니다~
2025-11-18 16:39:06,572 - __main__ - INFO - 시그널 2을 받았습니다. 봇을 종료합니다.
2025-11-18 16:39:06,786 - __main__ - INFO - 봇이 정상적으로 종료되었습니다.
